// Jest Snapshot v1, https://goo.gl/fbAQLP

exports[`Tabs should render properly 1`] = `
ShallowWrapper {
  Symbol(enzyme.__root__): [Circular],
  Symbol(enzyme.__unrendered__): <Tabs
    tabLabels={
      Array [
        "Tab 1",
        "Tab 2",
      ]
    }
  />,
  Symbol(enzyme.__renderer__): Object {
    "batchedUpdates": [Function],
    "getNode": [Function],
    "render": [Function],
    "simulateEvent": [Function],
    "unmount": [Function],
  },
  Symbol(enzyme.__node__): Object {
    "instance": null,
    "key": undefined,
    "nodeType": "host",
    "props": Object {
      "children": Array [
        <NavTabs
          tabLabels={
            Array [
              "Tab 1",
              "Tab 2",
            ]
          }
        />,
        <Context.Provider>
          <div
            className="tab-content"
          />
        </Context.Provider>,
      ],
      "className": "nav-tabs-custom",
    },
    "ref": null,
    "rendered": Array [
      Object {
        "instance": null,
        "key": undefined,
        "nodeType": "class",
        "props": Object {
          "activeTab": undefined,
          "onTabChange": undefined,
          "tabIds": undefined,
          "tabLabels": Array [
            "Tab 1",
            "Tab 2",
          ],
        },
        "ref": null,
        "rendered": null,
        "type": [Function],
      },
      Object {
        "instance": null,
        "key": undefined,
        "nodeType": "function",
        "props": Object {
          "children": <div
            className="tab-content"
          />,
          "value": undefined,
        },
        "ref": null,
        "rendered": Object {
          "instance": null,
          "key": undefined,
          "nodeType": "host",
          "props": Object {
            "children": undefined,
            "className": "tab-content",
          },
          "ref": null,
          "rendered": null,
          "type": "div",
        },
        "type": Object {
          "$$typeof": Symbol(react.provider),
          "_context": Object {
            "$$typeof": Symbol(react.context),
            "Consumer": [Circular],
            "Provider": [Circular],
            "_calculateChangedBits": null,
            "_changedBits": 0,
            "_changedBits2": 0,
            "_currentRenderer": null,
            "_currentRenderer2": null,
            "_currentValue": undefined,
            "_currentValue2": undefined,
            "_defaultValue": undefined,
          },
        },
      },
    ],
    "type": "div",
  },
  Symbol(enzyme.__nodes__): Array [
    Object {
      "instance": null,
      "key": undefined,
      "nodeType": "host",
      "props": Object {
        "children": Array [
          <NavTabs
            tabLabels={
              Array [
                "Tab 1",
                "Tab 2",
              ]
            }
          />,
          <Context.Provider>
            <div
              className="tab-content"
            />
          </Context.Provider>,
        ],
        "className": "nav-tabs-custom",
      },
      "ref": null,
      "rendered": Array [
        Object {
          "instance": null,
          "key": undefined,
          "nodeType": "class",
          "props": Object {
            "activeTab": undefined,
            "onTabChange": undefined,
            "tabIds": undefined,
            "tabLabels": Array [
              "Tab 1",
              "Tab 2",
            ],
          },
          "ref": null,
          "rendered": null,
          "type": [Function],
        },
        Object {
          "instance": null,
          "key": undefined,
          "nodeType": "function",
          "props": Object {
            "children": <div
              className="tab-content"
            />,
            "value": undefined,
          },
          "ref": null,
          "rendered": Object {
            "instance": null,
            "key": undefined,
            "nodeType": "host",
            "props": Object {
              "children": undefined,
              "className": "tab-content",
            },
            "ref": null,
            "rendered": null,
            "type": "div",
          },
          "type": Object {
            "$$typeof": Symbol(react.provider),
            "_context": Object {
              "$$typeof": Symbol(react.context),
              "Consumer": [Circular],
              "Provider": [Circular],
              "_calculateChangedBits": null,
              "_changedBits": 0,
              "_changedBits2": 0,
              "_currentRenderer": null,
              "_currentRenderer2": null,
              "_currentValue": undefined,
              "_currentValue2": undefined,
              "_defaultValue": undefined,
            },
          },
        },
      ],
      "type": "div",
    },
  ],
  Symbol(enzyme.__options__): Object {
    "adapter": ReactSixteenAdapter {
      "options": Object {
        "enableComponentDidUpdateOnSetState": true,
        "lifecycles": Object {
          "componentDidUpdate": Object {
            "onSetState": true,
          },
          "getSnapshotBeforeUpdate": true,
        },
      },
    },
    "attachTo": undefined,
    "hydrateIn": undefined,
  },
}
`;
